// Jest Snapshot v1, https://goo.gl/fbAQLP

exports[`<TodoTemplate /> matches snapshot 1`] = `
<div>
  <div
    class="TodoTemplate"
    data-testid="TodoTemplate"
  >
    <div
      class="app-title"
    >
      TODO LIST
    </div>
    <div
      class="content"
    >
      hohoho
    </div>
  </div>
</div>
`;
